logstash-converted-pipeline:
  source: null
  processor: []
  sink: []
