logstash-converted-pipeline:
  source:
    http:
      max_connection_count: 500
      request_timeout: 10000
  processor:
    - grok:
        match:
          log:
            - "%{COMBINEDAPACHELOG}"
    - grok:
        match:
          otherlog:
            - "%{DATA:message} %{CUSTOMYEAR:year} %{CUSTOMMINUTE:minute}"
        pattern_definitions:
          CUSTOMMINUTE: "(?:[0-5][0-9])"
          CUSTOMYEAR: "(?>\\d\\d){1,2}"
  sink:
    - opensearch:
        hosts:
          - "https://localhost:9200"
        username: "admin"
        password: "mypassword"
        index: "logingest"
    - opensearch:
        aws_sigv4: true
        insecure: false
        hosts:
          - "fakedomain.us-east-1.es.amazonaws.com"
        aws_region: "us-east-1"
        index: "logingest"
