logstash-converted-pipeline:
  source:
    http:
      max_connection_count: 500
      request_timeout: 10000
  processor:
    - grok:
        match:
          log:
            - "%{COMBINEDAPACHELOG}"
  sink:
    - opensearch:
        hosts:
          - "fakedomain.us-east-1.es.amazonaws.com"
        username: "myuser"
        password: "mypassword"
        insecure: true
        index: "my-index"
