logstash-converted-pipeline:
  source:
    http:
      max_connection_count: 500
      request_timeout: 10000
  processor:
    - grok:
        match:
          log:
            - "%{COMBINEDAPACHELOG}"
  sink:
    - opensearch:
        aws_sigv4: true
        insecure: false
        hosts:
          - "fakedomain.us-east-1.es.amazonaws.com"
        aws_region: "us-east-1"
        index: "my-index"
